--------------------------------------------------------------------------------
Release 14.7 Trace  (nt64)
Copyright (c) 1995-2013 Xilinx, Inc.  All rights reserved.

C:\Xilinx\14.7\ISE_DS\ISE\bin\nt64\unwrapped\trce.exe -intstyle ise -v 3 -s 3
-n 3 -fastpaths -xml show_ALU_in_7segment.twx show_ALU_in_7segment.ncd -o
show_ALU_in_7segment.twr show_ALU_in_7segment.pcf

Design file:              show_ALU_in_7segment.ncd
Physical constraint file: show_ALU_in_7segment.pcf
Device,package,speed:     xc6slx4,tqg144,C,-3 (PRODUCTION 1.23 2013-10-13)
Report level:             verbose report

Environment Variable      Effect 
--------------------      ------ 
NONE                      No environment variables were set
--------------------------------------------------------------------------------

INFO:Timing:2698 - No timing constraints found, doing default enumeration.
INFO:Timing:3412 - To improve timing, see the Timing Closure User Guide (UG612).
INFO:Timing:2752 - To get complete path coverage, use the unconstrained paths 
   option. All paths that are not constrained will be reported in the 
   unconstrained paths section(s) of the report.
INFO:Timing:3339 - The clock-to-out numbers in this timing report are based on 
   a 50 Ohm transmission line loading model.  For the details of this model, 
   and for more information on accounting for different loading conditions, 
   please see the device datasheet.



Data Sheet report:
-----------------
All values displayed in nanoseconds (ns)

Pad to Pad
---------------+---------------+---------+
Source Pad     |Destination Pad|  Delay  |
---------------+---------------+---------+
En             |out<0>         |    5.501|
En             |out<1>         |    5.501|
En             |out<2>         |    5.489|
En             |out<3>         |    6.351|
En             |out<4>         |    6.351|
En             |out<5>         |    5.489|
En             |out<6>         |    6.555|
En             |out<7>         |    6.555|
in_1<0>        |out<0>         |   11.698|
in_1<0>        |out<1>         |   11.798|
in_1<0>        |out<2>         |   12.335|
in_1<0>        |out<3>         |   13.007|
in_1<0>        |out<4>         |   12.967|
in_1<0>        |out<5>         |   11.752|
in_1<0>        |out<6>         |   13.285|
in_1<1>        |out<0>         |   11.876|
in_1<1>        |out<1>         |   11.976|
in_1<1>        |out<2>         |   12.513|
in_1<1>        |out<3>         |   13.185|
in_1<1>        |out<4>         |   13.145|
in_1<1>        |out<5>         |   11.930|
in_1<1>        |out<6>         |   13.463|
in_1<2>        |out<0>         |   10.667|
in_1<2>        |out<1>         |   10.767|
in_1<2>        |out<2>         |   11.304|
in_1<2>        |out<3>         |   11.976|
in_1<2>        |out<4>         |   11.936|
in_1<2>        |out<5>         |   10.721|
in_1<2>        |out<6>         |   12.254|
in_1<3>        |out<0>         |   10.675|
in_1<3>        |out<1>         |   10.775|
in_1<3>        |out<2>         |   11.312|
in_1<3>        |out<3>         |   11.984|
in_1<3>        |out<4>         |   11.944|
in_1<3>        |out<5>         |   10.729|
in_1<3>        |out<6>         |   12.262|
in_2<0>        |out<0>         |   11.334|
in_2<0>        |out<1>         |   11.434|
in_2<0>        |out<2>         |   11.971|
in_2<0>        |out<3>         |   12.643|
in_2<0>        |out<4>         |   12.603|
in_2<0>        |out<5>         |   11.388|
in_2<0>        |out<6>         |   12.921|
in_2<1>        |out<0>         |   11.257|
in_2<1>        |out<1>         |   11.357|
in_2<1>        |out<2>         |   11.894|
in_2<1>        |out<3>         |   12.566|
in_2<1>        |out<4>         |   12.526|
in_2<1>        |out<5>         |   11.311|
in_2<1>        |out<6>         |   12.844|
in_2<2>        |out<0>         |   11.439|
in_2<2>        |out<1>         |   11.539|
in_2<2>        |out<2>         |   12.076|
in_2<2>        |out<3>         |   12.748|
in_2<2>        |out<4>         |   12.708|
in_2<2>        |out<5>         |   11.493|
in_2<2>        |out<6>         |   13.026|
in_2<3>        |out<0>         |   10.793|
in_2<3>        |out<1>         |   10.893|
in_2<3>        |out<2>         |   11.430|
in_2<3>        |out<3>         |   12.102|
in_2<3>        |out<4>         |   12.062|
in_2<3>        |out<5>         |   10.847|
in_2<3>        |out<6>         |   12.380|
sel<0>         |out<0>         |   11.132|
sel<0>         |out<1>         |   11.232|
sel<0>         |out<2>         |   11.769|
sel<0>         |out<3>         |   12.441|
sel<0>         |out<4>         |   12.401|
sel<0>         |out<5>         |   11.186|
sel<0>         |out<6>         |   12.719|
sel<1>         |out<0>         |    7.709|
sel<1>         |out<1>         |    7.955|
sel<1>         |out<2>         |    8.053|
sel<1>         |out<3>         |    8.695|
sel<1>         |out<4>         |    8.655|
sel<1>         |out<5>         |    7.763|
sel<1>         |out<6>         |    9.003|
sel<2>         |out<0>         |    8.160|
sel<2>         |out<1>         |    8.072|
sel<2>         |out<2>         |    8.680|
sel<2>         |out<3>         |    9.142|
sel<2>         |out<4>         |    9.102|
sel<2>         |out<5>         |    8.214|
sel<2>         |out<6>         |    9.630|
---------------+---------------+---------+


Analysis completed Fri Oct 30 14:18:20 2020 
--------------------------------------------------------------------------------

Trace Settings:
-------------------------
Trace Settings 

Peak Memory Usage: 4554 MB



